merge: 1 10 29
N 1 10 -> null 5 14
N 1 10 -> obj 11 29
N 1 10 -> obj 11 32
N 1 10 -> null 12 13
N 14 11 -> null 5 14
N 14 11 -> obj 11 29
N 14 11 -> obj 11 32
N 14 11 -> null 12 13
