maybe: NI 2 46 +
maybe: NI 2 49 +
maybe: NI 2 52 +
maybe: NI 2 4 +
N 2 4 +
NI 4 13 +
NI 5 13 0
