N 4 4 +
maybe: NI 4 4 +
N 5 4 0
maybe: NI 5 4 +
NI 8 27 +
choice: N 8 4 ?  |  N 8 4 +
maybe: NI 11 4 +

