maybe: N 2 11 +
maybe: NC 14 10 ?+
maybe: NC 17 14 ??
NC 24 4 ++?
NC 25 4 ??0
